my errors 
